{
    "ProductID": 1,
    "Name": "PlayStation 4 500GB F Chassis Black EDIT",
    "Price": 299900,
    "Discount": 100000,
    "Quantity": 3,
    "Description": "Sony Playstation 4 je napravio veliki hardverski odmak...",
    "Recommended": true,
    "Brand": "Sony",
    "BrandID": 2,
    "Category": "Igraće konzole",
    "CategoryID": 4,
    "Images": [
        {
            "URL": "https://api.amadeus2.hr/images/253/1137?options=600 EDIT"
        }
    ]
}
