{
  "status": 200,
  "message": "ProductGet",
  "data": {
    "product_id": 0,
    "name": "",
    "price": 0,
    "discount": 0,
    "quantity": 0,
    "description": "",
    "url": "",
    "recommended": false,
    "created_at": "0001-01-01T00:00:00Z",
    "updated_at": "0001-01-01T00:00:00Z",
    "brand": "",
    "brand_id": 0,
    "category": "",
    "category_id": 0,
    "product_images": null,
    "product_features": null,
    "product_publications": null,
    "product_recommendations": null
  }
}