{
  "status": 200,
  "message": "ProductGetListSlim",
  "data": {
    "product_id": 0,
    "name": "",
    "price": 0,
    "discount": 0,
    "quantity": 0,
    "url": "",
    "recommended": false,
    "created_at": "0001-01-01T00:00:00Z",
    "updated_at": "0001-01-01T00:00:00Z",
    "brand": "",
    "category": ""
  }
}