core.Product{
    ProductID:   2,
    Name:        "Dell Inspiron 5482 2in1, I5I507-273182898",
    Price:       649900,
    Discount:    60000,
    Quantity:    1,
    Description: "EDIT",
    URL:         "dell-inspiron-5482-2in1-i5i507-273182898",
    Recommended: false,
    CreatedAt:   "",
    UpdatedAt:   "",
    Brand:       "Dell",
    BrandID:     3,
    Category:    "Laptopi",
    CategoryID:  1,
    Images:      {
        {ImageID:7, URL:"https://api.amadeus2.hr/images/255/1139?options=600"},
        {ImageID:8, URL:"https://api.amadeus2.hr/images/255/1140?options=600"},
        {ImageID:9, URL:"https://api.amadeus2.hr/images/255/1141?options=600"},
    },
    Features: {
        {FeatureID:1, FeatureValueID:7, Name:"Procesor", Value:"Intel Core i5 8265U 1,60 GHz Core 4 EDIT", Recommended:true},
    },
    Publications:    nil,
    Recommendations: nil,
}
nil