core.Product{
    ProductID:       3,
    Name:            "HP 250 G7 6BP58EA (15.6, i3, 8GB RAM, 256GB SSD, Intel HD, Win10p)",
    Price:           529900,
    Discount:        80000,
    Quantity:        0,
    Description:     "",
    URL:             "hp-250-g7-6bp58ea-15-6-i3-8gb-ram-256gb-ssd-intel-hd-win10p",
    Recommended:     false,
    CreatedAt:       "",
    UpdatedAt:       "",
    Brand:           "HP",
    BrandID:         4,
    Category:        "Računala",
    CategoryID:      2,
    Images:          nil,
    Features:        nil,
    Publications:    nil,
    Recommendations: nil,
}
nil