{
  "status": 200,
  "message": "ProductGet",
  "data": {
    "product_id": 2,
    "name": "Dell Inspiron 5482 2in1, I5I507-273182898",
    "price": 649900,
    "discount": 60000,
    "quantity": 1,
    "description": "EDIT",
    "url": "dell-inspiron-5482-2in1-i5i507-273182898",
    "recommended": false,
    "created_at": "2020-10-12T17:13:54.287936Z",
    "brand": "Dell",
    "brand_id": 3,
    "category": "Laptopi",
    "category_id": 1,
    "product_images": [
      {
        "product_id": 2,
        "product_image_id": 7,
        "url": "https://api.amadeus2.hr/images/255/1139?options=600"
      },
      {
        "product_id": 2,
        "product_image_id": 8,
        "url": "https://api.amadeus2.hr/images/255/1140?options=600"
      },
      {
        "product_id": 2,
        "product_image_id": 9,
        "url": "https://api.amadeus2.hr/images/255/1141?options=600"
      }
    ],
    "product_features": [
      {
        "product_id": 2,
        "product_feature_id": 1,
        "product_feature_value_id": 7,
        "category_id": 1,
        "name": "Procesor",
        "value": "Intel Core i5 8265U 1,60 GHz Core 4 EDIT",
        "recommended": true
      }
    ],
    "product_publications": null,
    "product_recommendations": null
  }
}