{
  "status": 200,
  "message": "",
  "data": {
    "product_id": 4,
    "name": "Lenovo ideapad L340-15API, 81LW0047SC",
    "price": 389900,
    "discount": 135000,
    "quantity": 1,
    "description": "Lenovo ideapad L340-15API, 81LW0047SC, 15.6\" FHD (1920x1080) TN 220nits Anti-glare, AMD...",
    "url": "Lenovo-ideapad-L340-15API-81LW0047SC",
    "recommended": false,
    "created_at": "2020-10-12T17:13:54.287936Z",
    "brand": "HP",
    "brand_id": 4,
    "category": "Laptopi",
    "category_id": 1,
    "product_images": null,
    "product_features": [
      {
        "product_id": 4,
        "product_feature_id": 1,
        "product_feature_value_id": 8,
        "category_id": 1,
        "name": "Procesor",
        "value": "AMD Ryzen 3 3200U (2C / 4T, 2.6 / 3.5GHz, 1MB L2 / 4MB L3)",
        "recommended": true
      },
      {
        "product_id": 4,
        "product_feature_id": 3,
        "product_feature_value_id": 9,
        "category_id": 1,
        "name": "OS",
        "value": "Free DOS",
        "recommended": false
      }
    ],
    "product_publications": [
      {
        "product_id": 4,
        "publication_id": 1,
        "product_publication_id": 4,
        "name": "amadeus2.hr"
      },
      {
        "product_id": 4,
        "publication_id": 2,
        "product_publication_id": 5,
        "name": "pioneer.hr"
      }
    ],
    "product_recommendations": [
      {
        "product_id": 4,
        "name": "Lenovo ideapad L340-15API, 81LW0047SC",
        "price": 389900,
        "discount": 135000,
        "quantity": 1,
        "url": "Lenovo-ideapad-L340-15API-81LW0047SC",
        "recommended": false,
        "created_at": "2020-10-12T17:13:54.287936Z",
        "brand": "HP",
        "category": "Laptopi"
      }
    ]
  }
}