core.Product{
    ProductID:   1,
    Name:        "PlayStation 4 500GB F Chassis Black",
    Price:       299900,
    Discount:    100000,
    Quantity:    3,
    Description: "Sony Playstation 4 je napravio veliki hardverski odmak...",
    URL:         "playstation-4-500gb-f-chassis-black",
    Recommended: true,
    CreatedAt:   "2020-10-12T17:13:54.287936Z",
    UpdatedAt:   "2020-10-13T17:13:54.287936Z",
    Brand:       "Sony",
    BrandID:     2,
    Category:    "Igraće konzole",
    CategoryID:  4,
    Images:      {
        {ImageID:1, URL:"https://api.amadeus2.hr/images/253/1137?options=600"},
    },
    Features:     nil,
    Publications: {
        {PublicationID:1, Name:"amadeus2.hr"},
    },
    Recommendations: nil,
}
nil