core.Product{
    ProductID:       2,
    Name:            "Dell Inspiron 5482 2in1, I5I507-273182898",
    Price:           649900,
    Discount:        60000,
    Quantity:        0,
    Description:     "",
    URL:             "dell-inspiron-5482-2in1-i5i507-273182898",
    Recommended:     false,
    CreatedAt:       "2020-10-12T17:13:54.287936Z",
    UpdatedAt:       "2020-10-13T17:13:54.287936Z",
    Brand:           "Dell",
    BrandID:         3,
    Category:        "Laptopi",
    CategoryID:      1,
    Images:          nil,
    Features:        nil,
    Publications:    nil,
    Recommendations: nil,
}
nil