core.Product{
    ProductID:   4,
    Name:        "Lenovo ideapad L340-15API, 81LW0047SC",
    Price:       389900,
    Discount:    135000,
    Quantity:    0,
    Description: "Lenovo ideapad L340-15API, 81LW0047SC, 15.6\" FHD (1920x1080) TN 220nits Anti-glare, AMD...",
    URL:         "lenovo-ideapad-l340-15api-81lw0047sc",
    Recommended: false,
    CreatedAt:   time.Time{
        wall: 0x11298e00,
        ext:  63738119634,
        loc:  &time.Location{
            name: "",
            zone: {
                {},
            },
            tx: {
                {when:-9223372036854775808, index:0x0, isstd:false, isutc:false},
            },
            cacheStart: -9223372036854775808,
            cacheEnd:   9223372036854775807,
            cacheZone:  &time.zone{(CYCLIC REFERENCE)},
        },
    },
    UpdatedAt: time.Time{
        wall: 0x11298e00,
        ext:  63738378834,
        loc:  &time.Location{
            name: "",
            zone: {
                {},
            },
            tx: {
                {when:-9223372036854775808, index:0x0, isstd:false, isutc:false},
            },
            cacheStart: -9223372036854775808,
            cacheEnd:   9223372036854775807,
            cacheZone:  &time.zone{(CYCLIC REFERENCE)},
        },
    },
    Brand:      "Lenovo",
    BrandID:    5,
    Category:   "Laptopi",
    CategoryID: 1,
    Images:     nil,
    Features:   {
        {FeatureID:1, FeatureValueID:3, Name:"Procesor", Value:"AMD Ryzen 3 3200U (2C / 4T, 2.6 / 3.5GHz, 1MB L2 / 4MB L3)", Recommended:true},
        {FeatureID:3, FeatureValueID:4, Name:"OS", Value:"Free DOS", Recommended:false},
    },
    Publications: {
        {PublicationID:1, Name:"amadeus2.hr"},
    },
    Recommendations: {
        {
            ProductID:   2,
            Name:        "Dell Inspiron 5482 2in1, I5I507-273182898",
            Price:       649900,
            Discount:    60000,
            Quantity:    0,
            Description: "",
            URL:         "dell-inspiron-5482-2in1-i5i507-273182898",
            Recommended: false,
            CreatedAt:   time.Time{
                wall: 0x11298e00,
                ext:  63738119634,
                loc:  &time.Location{
                    name: "",
                    zone: {
                        {},
                    },
                    tx: {
                        {when:-9223372036854775808, index:0x0, isstd:false, isutc:false},
                    },
                    cacheStart: -9223372036854775808,
                    cacheEnd:   9223372036854775807,
                    cacheZone:  &time.zone{(CYCLIC REFERENCE)},
                },
            },
            UpdatedAt: time.Time{
                wall: 0x11298e00,
                ext:  63738206034,
                loc:  &time.Location{
                    name: "",
                    zone: {
                        {},
                    },
                    tx: {
                        {when:-9223372036854775808, index:0x0, isstd:false, isutc:false},
                    },
                    cacheStart: -9223372036854775808,
                    cacheEnd:   9223372036854775807,
                    cacheZone:  &time.zone{(CYCLIC REFERENCE)},
                },
            },
            Brand:           "Dell",
            BrandID:         3,
            Category:        "Laptopi",
            CategoryID:      1,
            Images:          nil,
            Features:        nil,
            Publications:    nil,
            Recommendations: nil,
        },
        {
            ProductID:   3,
            Name:        "HP 250 G7 6BP58EA (15.6, i3, 8GB RAM, 256GB SSD, Intel HD, Win10p)",
            Price:       529900,
            Discount:    80000,
            Quantity:    0,
            Description: "",
            URL:         "hp-250-g7-6bp58ea-156-i3-8gb-ram-256gb-ssd-intel-hd-win10p",
            Recommended: false,
            CreatedAt:   time.Time{
                wall: 0x11298e00,
                ext:  63738119634,
                loc:  &time.Location{
                    name: "",
                    zone: {
                        {},
                    },
                    tx: {
                        {when:-9223372036854775808, index:0x0, isstd:false, isutc:false},
                    },
                    cacheStart: -9223372036854775808,
                    cacheEnd:   9223372036854775807,
                    cacheZone:  &time.zone{(CYCLIC REFERENCE)},
                },
            },
            UpdatedAt: time.Time{
                wall: 0x11298e00,
                ext:  63738292434,
                loc:  &time.Location{
                    name: "",
                    zone: {
                        {},
                    },
                    tx: {
                        {when:-9223372036854775808, index:0x0, isstd:false, isutc:false},
                    },
                    cacheStart: -9223372036854775808,
                    cacheEnd:   9223372036854775807,
                    cacheZone:  &time.zone{(CYCLIC REFERENCE)},
                },
            },
            Brand:           "HP",
            BrandID:         4,
            Category:        "Laptopi",
            CategoryID:      1,
            Images:          nil,
            Features:        nil,
            Publications:    nil,
            Recommendations: nil,
        },
    },
}
nil