core.Product{
    ProductID:   4,
    Name:        "Lenovo ideapad L340-15API, 81LW0047SC",
    Price:       389900,
    Discount:    135000,
    Quantity:    0,
    Description: "",
    URL:         "lenovo-ideapad-l340-15api-81lw0047sc",
    Recommended: false,
    CreatedAt:   time.Time{
        wall: 0x11298e00,
        ext:  63738119634,
        loc:  &time.Location{
            name: "",
            zone: {
                {},
            },
            tx: {
                {when:-9223372036854775808, index:0x0, isstd:false, isutc:false},
            },
            cacheStart: -9223372036854775808,
            cacheEnd:   9223372036854775807,
            cacheZone:  &time.zone{(CYCLIC REFERENCE)},
        },
    },
    UpdatedAt: time.Time{
        wall: 0x11298e00,
        ext:  63738378834,
        loc:  &time.Location{
            name: "",
            zone: {
                {},
            },
            tx: {
                {when:-9223372036854775808, index:0x0, isstd:false, isutc:false},
            },
            cacheStart: -9223372036854775808,
            cacheEnd:   9223372036854775807,
            cacheZone:  &time.zone{(CYCLIC REFERENCE)},
        },
    },
    Brand:           "Lenovo",
    BrandID:         5,
    Category:        "Laptopi",
    CategoryID:      1,
    Images:          nil,
    Features:        nil,
    Publications:    nil,
    Recommendations: nil,
}
nil