core.Product{
    ProductID:   5,
    Name:        "Sony KDL-32WE615 televizor, 32\" (82 cm), LED, HD ready, HDR, HEVC (H.265)",
    Price:       289900,
    Discount:    0,
    Quantity:    0,
    Description: "",
    URL:         "sony-kdl-32we615-televizor-32-82-cm-led-hd-ready-hdr-hevc-h265",
    Recommended: false,
    CreatedAt:   time.Time{
        wall: 0x11298e00,
        ext:  63738119634,
        loc:  &time.Location{
            name: "",
            zone: {
                {},
            },
            tx: {
                {when:-9223372036854775808, index:0x0, isstd:false, isutc:false},
            },
            cacheStart: -9223372036854775808,
            cacheEnd:   9223372036854775807,
            cacheZone:  &time.zone{(CYCLIC REFERENCE)},
        },
    },
    UpdatedAt: time.Time{
        wall: 0x11298e00,
        ext:  63738465234,
        loc:  &time.Location{
            name: "",
            zone: {
                {},
            },
            tx: {
                {when:-9223372036854775808, index:0x0, isstd:false, isutc:false},
            },
            cacheStart: -9223372036854775808,
            cacheEnd:   9223372036854775807,
            cacheZone:  &time.zone{(CYCLIC REFERENCE)},
        },
    },
    Brand:           "Sony",
    BrandID:         2,
    Category:        "Televizije",
    CategoryID:      3,
    Images:          nil,
    Features:        nil,
    Publications:    nil,
    Recommendations: nil,
}
nil