{
  "status": 200,
  "message": "",
  "data": {
    "product_id": 5,
    "name": "Sony KDL-32WE615 televizor, 32\" (82 cm), LED, HD ready, HDR, HEVC (H.265)",
    "price": 289900,
    "discount": 0,
    "quantity": 1,
    "description": "",
    "url": "sony-kdl-32we615-televizor-32-82-cm-led-hd-ready-hdr-hevc-h265",
    "recommended": false,
    "created_at": "2020-10-12T17:13:54.287936Z",
    "updated_at": "2020-10-16T17:13:54.287936Z",
    "brand": "Sony",
    "brand_id": 2,
    "category": "Televizije",
    "category_id": 3,
    "product_images": null,
    "product_features": null,
    "product_publications": null,
    "product_recommendations": null
  }
}