{
  "status": 200,
  "message": "ProductGet",
  "data": {
    "product_id": 3,
    "name": "HP 250 G7 6BP58EA (15.6, i3, 8GB RAM, 256GB SSD, Intel HD, Win10p)",
    "price": 529900,
    "discount": 80000,
    "quantity": 0,
    "description": "",
    "url": "hp-250-g7-6bp58ea-156-i3-8gb-ram-256gb-ssd-intel-hd-win10p",
    "recommended": false,
    "created_at": "2020-10-12T17:13:54.287936Z",
    "updated_at": "2020-10-14T17:13:54.287936Z",
    "brand": "HP",
    "brand_id": 4,
    "category": "Laptopi",
    "category_id": 1,
    "product_images": null,
    "product_features": null,
    "product_publications": null,
    "product_recommendations": null
  }
}