{
  "status": 200,
  "message": "",
  "data": {
    "product_id": 6,
    "name": "PlayStation 4 500GB F Chassis Black",
    "price": 299900,
    "discount": 100000,
    "quantity": 3,
    "description": "Sony Playstation 4 je napravio veliki hardverski odmak...",
    "url": "PlayStation-4-500GB-F-Chassis-Black",
    "recommended": true,
    "created_at": "2020-11-17T15:21:53.815363Z",
    "updated_at": "2020-11-17T15:21:53.815363Z",
    "brand": "Sony",
    "brand_id": 2,
    "category": "Igraće konzole",
    "category_id": 4,
    "product_images": null,
    "product_features": null,
    "product_publications": null,
    "product_recommendations": null
  }
}